106101349
121165616
239817983
148754113
128950936
