710364044
276532684
151370762
182296618
13294614
35945660
453161256
