351769351
484237144
238304869
251052800
691139692
