31128952
19638601
30551402
17147446
28283956
37494988
35901260
11292565
23434678
