148517457
252765142
63845159
156582482
712718214
133609567
36414968
45948082
35679455
