66085424
21415555
287507168
104347059
127276538
485603993
172527656
387668685
373337362
161383051
