236560098
237763898
462652257
336921023
83712778
