209920758
156190490
419586664
117364471
196555523
228163842
19263066
287519604
221205736
