1000000000000000000
2
32878
100000000000000000
83223622212250414
242476297197
2342137755667080
200534694354673955
29617184
2808817
9321991
3604
508343542
23852275798452
3045
244469979506812
27108582
27025273355
25889713914
734629310022104
1000000000000000000
3023766
28925002590
158
240823298082476
478
24583683940
38763
8039548222
583
26999968720
8195000
