430299215
326683744
68911657
97802045
212777235
242712908
359337854
439601102
127915600
318356131
