274865672
336889928
110699852
224977237
33368681
716387450
235781037
3919908
