24585595
25726523
27180627
8702779
13662384
22997771
27889163
40609246
