272910324
368732232
119570057
318931403
29867259
300073796
267654800
505083675
15061034
241163121
