27228580
26485149
25080655
37022821
19544622
14601580
13580977
30740075
14008805
17252150
