250180114
516684611
191765072
20679872
309715730
522917554
203236889
140668648
11650446
25301866
