158999306
908342182
302086983
121450342
100156606
137526417
183228654
286195390
400236485
