530991382
281102874
567333058
415442485
296136517
411533316
433924310
