24940757
28109306
25775513
13677621
24654921
24089359
29388412
