37234179
89474001
102470579
286086079
15251458
187219747
121911915
