38029671
20814458
21051568
34000168
18607526
21065231
