107444272
431743031
401977221
382013823
123454878
235189963
