118674130
325193990
187095308
524111288
109028182
