113735075
723533830
200802305
122994752
678246786
533362068
355135528
192039348
263739489
