173946339
174706707
204805631
35426211
197283139
305680312
