82560186
601141129
502960203
251410824
864348239
