27013375
25310318
11858955
22789989
23488418
29743306
21341619
29022722
