820257267
33657983
119400757
243381739
215951283
159447883
418900534
347856862
22064730
