149333358
232917909
319828922
55119269
14419326
423594185
365457852
61383395
92985572
427453217
