89219313
307584513
537319465
131627878
252744470
101316508
34308920
361523880
147360808
385859846
