311490554
113239191
119637090
116876208
473473100
63597077
125573202
129379882
