52858317
26623998
159271291
417321624
254075688
478031691
190624634
