33211715
8528517
23851748
20514760
32977707
10991462
36991099
