323591851
348359437
276282936
543781326
216989994
479446110
270220610
69060580
288014263
5734375
