464584528
243184786
20282449
685067155
457097536
146164879
66316159
168058312
150668797
348291971
