94838284
419818706
88700106
477862118
325701458
91149283
333484930
