580859831
95631311
406594206
59983337
24802162
49386550
528438678
115561567
