169839374
332033048
149409099
717377824
236357149
244792873
