48722097
51142847
90880138
517850712
166028426
627931295
