329866212
550116243
158532679
184981959
169366551
152158360
463485748
427766799
181025269
49111925
